PHPUnit 11.5.55 by Sebastian Bergmann and contributors.

Runtime:       PHP 8.2.12
Configuration: C:\shrine\htdocs\celeb\backend\phpunit.xml

...SS...........................................FF..SS.........  63 / 240 ( 26%)
....SS........................................S.S.............. 126 / 240 ( 52%)
..FF....................F..........................SS.......... 189 / 240 ( 78%)
..........F......................S.................             240 / 240 (100%)

Time: 01:36.256, Memory: 76.00 MB

There were 6 failures:

1) Tests\Feature\AdminChatSupervisionTest::test_admin_can_list_all_conversations
Expected response status code [200] but received 500.
Failed asserting that 500 is identical to 200.

The following exception occurred during the last request:

PDOException: SQLSTATE[HY000]: General error: 1 ambiguous column name: conversation_id in C:\shrine\htdocs\celeb\backend\vendor\laravel\framework\src\Illuminate\Database\Connection.php:413
Stack trace:
#0 C:\shrine\htdocs\celeb\backend\vendor\laravel\framework\src\Illuminate\Database\Connection.php(413): PDO->prepare('select "id", "c...')
#1 C:\shrine\htdocs\celeb\backend\vendor\laravel\framework\src\Illuminate\Database\Connection.php(820): Illuminate\Database\Connection->Illuminate\Database\{closure}('select "id", "c...', Array)
#2 C:\shrine\htdocs\celeb\backend\vendor\laravel\framework\src\Illuminate\Database\Connection.php(787): Illuminate\Database\Connection->runQueryCallback('select "id", "c...', Array, Object(Closure))
#3 C:\shrine\htdocs\celeb\backend\vendor\laravel\framework\src\Illuminate\Database\Connection.php(404): Illuminate\Database\Connection->run('select "id", "c...', Array, Object(Closure))
#4 C:\shrine\htdocs\celeb\backend\vendor\laravel\framework\src\Illuminate\Database\Query\Builder.php(3232): Illuminate\Database\Connection->select('select "id", "c...', Array, true)
#5 C:\shrine\htdocs\celeb\backend\vendor\laravel\framework\src\Illuminate\Database\Query\Builder.php(3217): Illuminate\Database\Query\Builder->runSelect()
#6 C:\shrine\htdocs\celeb\backend\vendor\laravel\framework\src\Illuminate\Database\Query\Builder.php(3807): Illuminate\Database\Query\Builder->Illuminate\Database\Query\{closure}()
#7 C:\shrine\htdocs\celeb\backend\vendor\laravel\framework\src\Illuminate\Database\Query\Builder.php(3216): Illuminate\Database\Query\Builder->onceWithColumns(Array, Object(Closure))
#8 C:\shrine\htdocs\celeb\backend\vendor\laravel\framework\src\Illuminate\Database\Eloquent\Builder.php(902): Illuminate\Database\Query\Builder->get(Array)
#9 C:\shrine\htdocs\celeb\backend\vendor\laravel\framework\src\Illuminate\Database\Eloquent\Builder.php(884): Illuminate\Database\Eloquent\Builder->getModels(Array)
#10 C:\shrine\htdocs\celeb\backend\vendor\laravel\framework\src\Illuminate\Database\Eloquent\Relations\Relation.php(212): Illuminate\Database\Eloquent\Builder->get(Array)
#11 C:\shrine\htdocs\celeb\backend\vendor\laravel\framework\src\Illuminate\Database\Eloquent\Relations\Relation.php(175): Illuminate\Database\Eloquent\Relations\Relation->get()
#12 C:\shrine\htdocs\celeb\backend\vendor\laravel\framework\src\Illuminate\Database\Eloquent\Builder.php(950): Illuminate\Database\Eloquent\Relations\Relation->getEager()
#13 C:\shrine\htdocs\celeb\backend\vendor\laravel\framework\src\Illuminate\Database\Eloquent\Builder.php(919): Illuminate\Database\Eloquent\Builder->eagerLoadRelation(Array, 'latestMessage', Object(Closure))
#14 C:\shrine\htdocs\celeb\backend\vendor\laravel\framework\src\Illuminate\Database\Eloquent\Builder.php(885): Illuminate\Database\Eloquent\Builder->eagerLoadRelations(Array)
#15 C:\shrine\htdocs\celeb\backend\vendor\laravel\framework\src\Illuminate\Database\Eloquent\Builder.php(1125): Illuminate\Database\Eloquent\Builder->get(Array)
#16 C:\shrine\htdocs\celeb\backend\app\Http\Controllers\API\V1\Admin\ChatSupervisionController.php(33): Illuminate\Database\Eloquent\Builder->paginate(25)
#17 C:\shrine\htdocs\celeb\backend\vendor\laravel\framework\src\Illuminate\Routing\ControllerDispatcher.php(46): App\Http\Controllers\API\V1\Admin\ChatSupervisionController->index(Object(Illuminate\Http\Request))
#18 C:\shrine\htdocs\celeb\backend\vendor\laravel\framework\src\Illuminate\Routing\Route.php(265): Illuminate\Routing\ControllerDispatcher->dispatch(Object(Illuminate\Routing\Route), Object(App\Http\Controllers\API\V1\Admin\ChatSupervisionController), 'index')
#19 C:\shrine\htdocs\celeb\backend\vendor\laravel\framework\src\Illuminate\Routing\Route.php(211): Illuminate\Routing\Route->runController()
#20 C:\shrine\htdocs\celeb\backend\vendor\laravel\framework\src\Illuminate\Routing\Router.php(822): Illuminate\Routing\Route->run()
#21 C:\shrine\htdocs\celeb\backend\vendor\laravel\framework\src\Illuminate\Pipeline\Pipeline.php(180): Illuminate\Routing\Router->Illuminate\Routing\{closure}(Object(Illuminate\Http\Request))
#22 C:\shrine\htdocs\celeb\backend\app\Http\Middleware\IsAdmin.php(19): Illuminate\Pipeline\Pipeline->Illuminate\Pipeline\{closure}(Object(Illuminate\Http\Request))
#23 C:\shrine\htdocs\celeb\backend\vendor\laravel\framework\src\Illuminate\Pipeline\Pipeline.php(219): App\Http\Middleware\IsAdmin->handle(Object(Illuminate\Http\Request), Object(Closure))
#24 C:\shrine\htdocs\celeb\backend\vendor\laravel\framework\src\Illuminate\Routing\Middleware\SubstituteBindings.php(50): Illuminate\Pipeline\Pipeline->Illuminate\Pipeline\{closure}(Object(Illuminate\Http\Request))
#25 C:\shrine\htdocs\celeb\backend\vendor\laravel\framework\src\Illuminate\Pipeline\Pipeline.php(219): Illuminate\Routing\Middleware\SubstituteBindings->handle(Object(Illuminate\Http\Request), Object(Closure))
#26 C:\shrine\htdocs\celeb\backend\vendor\laravel\framework\src\Illuminate\Auth\Middleware\Authenticate.php(63): Illuminate\Pipeline\Pipeline->Illuminate\Pipeline\{closure}(Object(Illuminate\Http\Request))
#27 C:\shrine\htdocs\celeb\backend\vendor\laravel\framework\src\Illuminate\Pipeline\Pipeline.php(219): Illuminate\Auth\Middleware\Authenticate->handle(Object(Illuminate\Http\Request), Object(Closure), 'sanctum')
#28 C:\shrine\htdocs\celeb\backend\vendor\laravel\framework\src\Illuminate\Pipeline\Pipeline.php(137): Illuminate\Pipeline\Pipeline->Illuminate\Pipeline\{closure}(Object(Illuminate\Http\Request))
#29 C:\shrine\htdocs\celeb\backend\vendor\laravel\framework\src\Illuminate\Routing\Router.php(821): Illuminate\Pipeline\Pipeline->then(Object(Closure))
#30 C:\shrine\htdocs\celeb\backend\vendor\laravel\framework\src\Illuminate\Routing\Router.php(800): Illuminate\Routing\Router->runRouteWithinStack(Object(Illuminate\Routing\Route), Object(Illuminate\Http\Request))
#31 C:\shrine\htdocs\celeb\backend\vendor\laravel\framework\src\Illuminate\Routing\Router.php(764): Illuminate\Routing\Router->runRoute(Object(Illuminate\Http\Request), Object(Illuminate\Routing\Route))
#32 C:\shrine\htdocs\celeb\backend\vendor\laravel\framework\src\Illuminate\Routing\Router.php(753): Illuminate\Routing\Router->dispatchToRoute(Object(Illuminate\Http\Request))
#33 C:\shrine\htdocs\celeb\backend\vendor\laravel\framework\src\Illuminate\Foundation\Http\Kernel.php(200): Illuminate\Routing\Router->dispatch(Object(Illuminate\Http\Request))
#34 C:\shrine\htdocs\celeb\backend\vendor\laravel\framework\src\Illuminate\Pipeline\Pipeline.php(180): Illuminate\Foundation\Http\Kernel->Illuminate\Foundation\Http\{closure}(Object(Illuminate\Http\Request))
#35 C:\shrine\htdocs\celeb\backend\vendor\laravel\framework\src\Illuminate\Foundation\Http\Middleware\TransformsRequest.php(21): Illuminate\Pipeline\Pipeline->Illuminate\Pipeline\{closure}(Object(Illuminate\Http\Request))
#36 C:\shrine\htdocs\celeb\backend\vendor\laravel\framework\src\Illuminate\Foundation\Http\Middleware\ConvertEmptyStringsToNull.php(31): Illuminate\Foundation\Http\Middleware\TransformsRequest->handle(Object(Illuminate\Http\Request), Object(Closure))
#37 C:\shrine\htdocs\celeb\backend\vendor\laravel\framework\src\Illuminate\Pipeline\Pipeline.php(219): Illuminate\Foundation\Http\Middleware\ConvertEmptyStringsToNull->handle(Object(Illuminate\Http\Request), Object(Closure))
#38 C:\shrine\htdocs\celeb\backend\vendor\laravel\framework\src\Illuminate\Foundation\Http\Middleware\TransformsRequest.php(21): Illuminate\Pipeline\Pipeline->Illuminate\Pipeline\{closure}(Object(Illuminate\Http\Request))
#39 C:\shrine\htdocs\celeb\backend\vendor\laravel\framework\src\Illuminate\Foundation\Http\Middleware\TrimStrings.php(51): Illuminate\Foundation\Http\Middleware\TransformsRequest->handle(Object(Illuminate\Http\Request), Object(Closure))
#40 C:\shrine\htdocs\celeb\backend\vendor\laravel\framework\src\Illuminate\Pipeline\Pipeline.php(219): Illuminate\Foundation\Http\Middleware\TrimStrings->handle(Object(Illuminate\Http\Request), Object(Closure))
#41 C:\shrine\htdocs\celeb\backend\vendor\laravel\framework\src\Illuminate\Http\Middleware\ValidatePostSize.php(27): Illuminate\Pipeline\Pipeline->Illuminate\Pipeline\{closure}(Object(Illuminate\Http\Request))
#42 C:\shrine\htdocs\celeb\backend\vendor\laravel\framework\src\Illuminate\Pipeline\Pipeline.php(219): Illuminate\Http\Middleware\ValidatePostSize->handle(Object(Illuminate\Http\Request), Object(Closure))
#43 C:\shrine\htdocs\celeb\backend\vendor\laravel\framework\src\Illuminate\Foundation\Http\Middleware\PreventRequestsDuringMaintenance.php(109): Illuminate\Pipeline\Pipeline->Illuminate\Pipeline\{closure}(Object(Illuminate\Http\Request))
#44 C:\shrine\htdocs\celeb\backend\vendor\laravel\framework\src\Illuminate\Pipeline\Pipeline.php(219): Illuminate\Foundation\Http\Middleware\PreventRequestsDuringMaintenance->handle(Object(Illuminate\Http\Request), Object(Closure))
#45 C:\shrine\htdocs\celeb\backend\vendor\laravel\framework\src\Illuminate\Http\Middleware\HandleCors.php(61): Illuminate\Pipeline\Pipeline->Illuminate\Pipeline\{closure}(Object(Illuminate\Http\Request))
#46 C:\shrine\htdocs\celeb\backend\vendor\laravel\framework\src\Illuminate\Pipeline\Pipeline.php(219): Illuminate\Http\Middleware\HandleCors->handle(Object(Illuminate\Http\Request), Object(Closure))
#47 C:\shrine\htdocs\celeb\backend\vendor\laravel\framework\src\Illuminate\Http\Middleware\TrustProxies.php(58): Illuminate\Pipeline\Pipeline->Illuminate\Pipeline\{closure}(Object(Illuminate\Http\Request))
#48 C:\shrine\htdocs\celeb\backend\vendor\laravel\framework\src\Illuminate\Pipeline\Pipeline.php(219): Illuminate\Http\Middleware\TrustProxies->handle(Object(Illuminate\Http\Request), Object(Closure))
#49 C:\shrine\htdocs\celeb\backend\vendor\laravel\framework\src\Illuminate\Foundation\Http\Middleware\InvokeDeferredCallbacks.php(22): Illuminate\Pipeline\Pipeline->Illuminate\Pipeline\{closure}(Object(Illuminate\Http\Request))
#50 C:\shrine\htdocs\celeb\backend\vendor\laravel\framework\src\Illuminate\Pipeline\Pipeline.php(219): Illuminate\Foundation\Http\Middleware\InvokeDeferredCallbacks->handle(Object(Illuminate\Http\Request), Object(Closure))
#51 C:\shrine\htdocs\celeb\backend\vendor\laravel\framework\src\Illuminate\Http\Middleware\ValidatePathEncoding.php(26): Illuminate\Pipeline\Pipeline->Illuminate\Pipeline\{closure}(Object(Illuminate\Http\Request))
#52 C:\shrine\htdocs\celeb\backend\vendor\laravel\framework\src\Illuminate\Pipeline\Pipeline.php(219): Illuminate\Http\Middleware\ValidatePathEncoding->handle(Object(Illuminate\Http\Request), Object(Closure))
#53 C:\shrine\htdocs\celeb\backend\vendor\laravel\framework\src\Illuminate\Pipeline\Pipeline.php(137): Illuminate\Pipeline\Pipeline->Illuminate\Pipeline\{closure}(Object(Illuminate\Http\Request))
#54 C:\shrine\htdocs\celeb\backend\vendor\laravel\framework\src\Illuminate\Foundation\Http\Kernel.php(175): Illuminate\Pipeline\Pipeline->then(Object(Closure))
#55 C:\shrine\htdocs\celeb\backend\vendor\laravel\framework\src\Illuminate\Foundation\Http\Kernel.php(144): Illuminate\Foundation\Http\Kernel->sendRequestThroughRouter(Object(Illuminate\Http\Request))
#56 C:\shrine\htdocs\celeb\backend\vendor\laravel\framework\src\Illuminate\Foundation\Testing\Concerns\MakesHttpRequests.php(607): Illuminate\Foundation\Http\Kernel->handle(Object(Illuminate\Http\Request))
#57 C:\shrine\htdocs\celeb\backend\vendor\laravel\framework\src\Illuminate\Foundation\Testing\Concerns\MakesHttpRequests.php(573): Illuminate\Foundation\Testing\TestCase->call('GET', '/api/v1/admin/c...', Array, Array, Array, Array, '[]')
#58 C:\shrine\htdocs\celeb\backend\vendor\laravel\framework\src\Illuminate\Foundation\Testing\Concerns\MakesHttpRequests.php(381): Illuminate\Foundation\Testing\TestCase->json('GET', '/api/v1/admin/c...', Array, Array, 0)
#59 C:\shrine\htdocs\celeb\backend\tests\Feature\AdminChatSupervisionTest.php(113): Illuminate\Foundation\Testing\TestCase->getJson('/api/v1/admin/c...', Array)
#60 C:\shrine\htdocs\celeb\backend\vendor\phpunit\phpunit\src\Framework\TestCase.php(1667): Tests\Feature\AdminChatSupervisionTest->test_admin_can_list_all_conversations()
#61 C:\shrine\htdocs\celeb\backend\vendor\phpunit\phpunit\src\Framework\TestCase.php(519): PHPUnit\Framework\TestCase->runTest()
#62 C:\shrine\htdocs\celeb\backend\vendor\phpunit\phpunit\src\Framework\TestRunner\TestRunner.php(87): PHPUnit\Framework\TestCase->runBare()
#63 C:\shrine\htdocs\celeb\backend\vendor\phpunit\phpunit\src\Framework\TestCase.php(365): PHPUnit\Framework\TestRunner->run(Object(Tests\Feature\AdminChatSupervisionTest))
#64 C:\shrine\htdocs\celeb\backend\vendor\phpunit\phpunit\src\Framework\TestSuite.php(369): PHPUnit\Framework\TestCase->run()
#65 C:\shrine\htdocs\celeb\backend\vendor\phpunit\phpunit\src\Framework\TestSuite.php(369): PHPUnit\Framework\TestSuite->run()
#66 C:\shrine\htdocs\celeb\backend\vendor\phpunit\phpunit\src\Framework\TestSuite.php(369): PHPUnit\Framework\TestSuite->run()
#67 C:\shrine\htdocs\celeb\backend\vendor\phpunit\phpunit\src\TextUI\TestRunner.php(64): PHPUnit\Framework\TestSuite->run()
#68 C:\shrine\htdocs\celeb\backend\vendor\phpunit\phpunit\src\TextUI\Application.php(211): PHPUnit\TextUI\TestRunner->run(Object(PHPUnit\TextUI\Configuration\Configuration), Object(PHPUnit\Runner\ResultCache\DefaultResultCache), Object(PHPUnit\Framework\TestSuite))
#69 C:\shrine\htdocs\celeb\backend\vendor\phpunit\phpunit\phpunit(104): PHPUnit\TextUI\Application->run(Array)
#70 C:\shrine\htdocs\celeb\backend\vendor\bin\phpunit(122): include('C:\\shrine\\htdoc...')
#71 {main}

Next Illuminate\Database\QueryException: SQLSTATE[HY000]: General error: 1 ambiguous column name: conversation_id (Connection: sqlite, Database: :memory:, SQL: select "id", "conversation_id", "sender_id", "content", "created_at" from "messages" inner join (select MAX("messages"."id") as "id_aggregate", "messages"."conversation_id" from "messages" where "messages"."conversation_id" in (1) group by "messages"."conversation_id") as "latestOfMany" on "latestOfMany"."id_aggregate" = "messages"."id" and "latestOfMany"."conversation_id" = "messages"."conversation_id") in C:\shrine\htdocs\celeb\backend\vendor\laravel\framework\src\Illuminate\Database\Connection.php:831
Stack trace:
#0 C:\shrine\htdocs\celeb\backend\vendor\laravel\framework\src\Illuminate\Database\Connection.php(787): Illuminate\Database\Connection->runQueryCallback('select "id", "c...', Array, Object(Closure))
#1 C:\shrine\htdocs\celeb\backend\vendor\laravel\framework\src\Illuminate\Database\Connection.php(404): Illuminate\Database\Connection->run('select "id", "c...', Array, Object(Closure))
#2 C:\shrine\htdocs\celeb\backend\vendor\laravel\framework\src\Illuminate\Database\Query\Builder.php(3232): Illuminate\Database\Connection->select('select "id", "c...', Array, true)
#3 C:\shrine\htdocs\celeb\backend\vendor\laravel\framework\src\Illuminate\Database\Query\Builder.php(3217): Illuminate\Database\Query\Builder->runSelect()
#4 C:\shrine\htdocs\celeb\backend\vendor\laravel\framework\src\Illuminate\Database\Query\Builder.php(3807): Illuminate\Database\Query\Builder->Illuminate\Database\Query\{closure}()
#5 C:\shrine\htdocs\celeb\backend\vendor\laravel\framework\src\Illuminate\Database\Query\Builder.php(3216): Illuminate\Database\Query\Builder->onceWithColumns(Array, Object(Closure))
#6 C:\shrine\htdocs\celeb\backend\vendor\laravel\framework\src\Illuminate\Database\Eloquent\Builder.php(902): Illuminate\Database\Query\Builder->get(Array)
#7 C:\shrine\htdocs\celeb\backend\vendor\laravel\framework\src\Illuminate\Database\Eloquent\Builder.php(884): Illuminate\Database\Eloquent\Builder->getModels(Array)
#8 C:\shrine\htdocs\celeb\backend\vendor\laravel\framework\src\Illuminate\Database\Eloquent\Relations\Relation.php(212): Illuminate\Database\Eloquent\Builder->get(Array)
#9 C:\shrine\htdocs\celeb\backend\vendor\laravel\framework\src\Illuminate\Database\Eloquent\Relations\Relation.php(175): Illuminate\Database\Eloquent\Relations\Relation->get()
#10 C:\shrine\htdocs\celeb\backend\vendor\laravel\framework\src\Illuminate\Database\Eloquent\Builder.php(950): Illuminate\Database\Eloquent\Relations\Relation->getEager()
#11 C:\shrine\htdocs\celeb\backend\vendor\laravel\framework\src\Illuminate\Database\Eloquent\Builder.php(919): Illuminate\Database\Eloquent\Builder->eagerLoadRelation(Array, 'latestMessage', Object(Closure))
#12 C:\shrine\htdocs\celeb\backend\vendor\laravel\framework\src\Illuminate\Database\Eloquent\Builder.php(885): Illuminate\Database\Eloquent\Builder->eagerLoadRelations(Array)
#13 C:\shrine\htdocs\celeb\backend\vendor\laravel\framework\src\Illuminate\Database\Eloquent\Builder.php(1125): Illuminate\Database\Eloquent\Builder->get(Array)
#14 C:\shrine\htdocs\celeb\backend\app\Http\Controllers\API\V1\Admin\ChatSupervisionController.php(33): Illuminate\Database\Eloquent\Builder->paginate(25)
#15 C:\shrine\htdocs\celeb\backend\vendor\laravel\framework\src\Illuminate\Routing\ControllerDispatcher.php(46): App\Http\Controllers\API\V1\Admin\ChatSupervisionController->index(Object(Illuminate\Http\Request))
#16 C:\shrine\htdocs\celeb\backend\vendor\laravel\framework\src\Illuminate\Routing\Route.php(265): Illuminate\Routing\ControllerDispatcher->dispatch(Object(Illuminate\Routing\Route), Object(App\Http\Controllers\API\V1\Admin\ChatSupervisionController), 'index')
#17 C:\shrine\htdocs\celeb\backend\vendor\laravel\framework\src\Illuminate\Routing\Route.php(211): Illuminate\Routing\Route->runController()
#18 C:\shrine\htdocs\celeb\backend\vendor\laravel\framework\src\Illuminate\Routing\Router.php(822): Illuminate\Routing\Route->run()
#19 C:\shrine\htdocs\celeb\backend\vendor\laravel\framework\src\Illuminate\Pipeline\Pipeline.php(180): Illuminate\Routing\Router->Illuminate\Routing\{closure}(Object(Illuminate\Http\Request))
#20 C:\shrine\htdocs\celeb\backend\app\Http\Middleware\IsAdmin.php(19): Illuminate\Pipeline\Pipeline->Illuminate\Pipeline\{closure}(Object(Illuminate\Http\Request))
#21 C:\shrine\htdocs\celeb\backend\vendor\laravel\framework\src\Illuminate\Pipeline\Pipeline.php(219): App\Http\Middleware\IsAdmin->handle(Object(Illuminate\Http\Request), Object(Closure))
#22 C:\shrine\htdocs\celeb\backend\vendor\laravel\framework\src\Illuminate\Routing\Middleware\SubstituteBindings.php(50): Illuminate\Pipeline\Pipeline->Illuminate\Pipeline\{closure}(Object(Illuminate\Http\Request))
#23 C:\shrine\htdocs\celeb\backend\vendor\laravel\framework\src\Illuminate\Pipeline\Pipeline.php(219): Illuminate\Routing\Middleware\SubstituteBindings->handle(Object(Illuminate\Http\Request), Object(Closure))
#24 C:\shrine\htdocs\celeb\backend\vendor\laravel\framework\src\Illuminate\Auth\Middleware\Authenticate.php(63): Illuminate\Pipeline\Pipeline->Illuminate\Pipeline\{closure}(Object(Illuminate\Http\Request))
#25 C:\shrine\htdocs\celeb\backend\vendor\laravel\framework\src\Illuminate\Pipeline\Pipeline.php(219): Illuminate\Auth\Middleware\Authenticate->handle(Object(Illuminate\Http\Request), Object(Closure), 'sanctum')
#26 C:\shrine\htdocs\celeb\backend\vendor\laravel\framework\src\Illuminate\Pipeline\Pipeline.php(137): Illuminate\Pipeline\Pipeline->Illuminate\Pipeline\{closure}(Object(Illuminate\Http\Request))
#27 C:\shrine\htdocs\celeb\backend\vendor\laravel\framework\src\Illuminate\Routing\Router.php(821): Illuminate\Pipeline\Pipeline->then(Object(Closure))
#28 C:\shrine\htdocs\celeb\backend\vendor\laravel\framework\src\Illuminate\Routing\Router.php(800): Illuminate\Routing\Router->runRouteWithinStack(Object(Illuminate\Routing\Route), Object(Illuminate\Http\Request))
#29 C:\shrine\htdocs\celeb\backend\vendor\laravel\framework\src\Illuminate\Routing\Router.php(764): Illuminate\Routing\Router->runRoute(Object(Illuminate\Http\Request), Object(Illuminate\Routing\Route))
#30 C:\shrine\htdocs\celeb\backend\vendor\laravel\framework\src\Illuminate\Routing\Router.php(753): Illuminate\Routing\Router->dispatchToRoute(Object(Illuminate\Http\Request))
#31 C:\shrine\htdocs\celeb\backend\vendor\laravel\framework\src\Illuminate\Foundation\Http\Kernel.php(200): Illuminate\Routing\Router->dispatch(Object(Illuminate\Http\Request))
#32 C:\shrine\htdocs\celeb\backend\vendor\laravel\framework\src\Illuminate\Pipeline\Pipeline.php(180): Illuminate\Foundation\Http\Kernel->Illuminate\Foundation\Http\{closure}(Object(Illuminate\Http\Request))
#33 C:\shrine\htdocs\celeb\backend\vendor\laravel\framework\src\Illuminate\Foundation\Http\Middleware\TransformsRequest.php(21): Illuminate\Pipeline\Pipeline->Illuminate\Pipeline\{closure}(Object(Illuminate\Http\Request))
#34 C:\shrine\htdocs\celeb\backend\vendor\laravel\framework\src\Illuminate\Foundation\Http\Middleware\ConvertEmptyStringsToNull.php(31): Illuminate\Foundation\Http\Middleware\TransformsRequest->handle(Object(Illuminate\Http\Request), Object(Closure))
#35 C:\shrine\htdocs\celeb\backend\vendor\laravel\framework\src\Illuminate\Pipeline\Pipeline.php(219): Illuminate\Foundation\Http\Middleware\ConvertEmptyStringsToNull->handle(Object(Illuminate\Http\Request), Object(Closure))
#36 C:\shrine\htdocs\celeb\backend\vendor\laravel\framework\src\Illuminate\Foundation\Http\Middleware\TransformsRequest.php(21): Illuminate\Pipeline\Pipeline->Illuminate\Pipeline\{closure}(Object(Illuminate\Http\Request))
#37 C:\shrine\htdocs\celeb\backend\vendor\laravel\framework\src\Illuminate\Foundation\Http\Middleware\TrimStrings.php(51): Illuminate\Foundation\Http\Middleware\TransformsRequest->handle(Object(Illuminate\Http\Request), Object(Closure))
#38 C:\shrine\htdocs\celeb\backend\vendor\laravel\framework\src\Illuminate\Pipeline\Pipeline.php(219): Illuminate\Foundation\Http\Middleware\TrimStrings->handle(Object(Illuminate\Http\Request), Object(Closure))
#39 C:\shrine\htdocs\celeb\backend\vendor\laravel\framework\src\Illuminate\Http\Middleware\ValidatePostSize.php(27): Illuminate\Pipeline\Pipeline->Illuminate\Pipeline\{closure}(Object(Illuminate\Http\Request))
#40 C:\shrine\htdocs\celeb\backend\vendor\laravel\framework\src\Illuminate\Pipeline\Pipeline.php(219): Illuminate\Http\Middleware\ValidatePostSize->handle(Object(Illuminate\Http\Request), Object(Closure))
#41 C:\shrine\htdocs\celeb\backend\vendor\laravel\framework\src\Illuminate\Foundation\Http\Middleware\PreventRequestsDuringMaintenance.php(109): Illuminate\Pipeline\Pipeline->Illuminate\Pipeline\{closure}(Object(Illuminate\Http\Request))
#42 C:\shrine\htdocs\celeb\backend\vendor\laravel\framework\src\Illuminate\Pipeline\Pipeline.php(219): Illuminate\Foundation\Http\Middleware\PreventRequestsDuringMaintenance->handle(Object(Illuminate\Http\Request), Object(Closure))
#43 C:\shrine\htdocs\celeb\backend\vendor\laravel\framework\src\Illuminate\Http\Middleware\HandleCors.php(61): Illuminate\Pipeline\Pipeline->Illuminate\Pipeline\{closure}(Object(Illuminate\Http\Request))
#44 C:\shrine\htdocs\celeb\backend\vendor\laravel\framework\src\Illuminate\Pipeline\Pipeline.php(219): Illuminate\Http\Middleware\HandleCors->handle(Object(Illuminate\Http\Request), Object(Closure))
#45 C:\shrine\htdocs\celeb\backend\vendor\laravel\framework\src\Illuminate\Http\Middleware\TrustProxies.php(58): Illuminate\Pipeline\Pipeline->Illuminate\Pipeline\{closure}(Object(Illuminate\Http\Request))
#46 C:\shrine\htdocs\celeb\backend\vendor\laravel\framework\src\Illuminate\Pipeline\Pipeline.php(219): Illuminate\Http\Middleware\TrustProxies->handle(Object(Illuminate\Http\Request), Object(Closure))
#47 C:\shrine\htdocs\celeb\backend\vendor\laravel\framework\src\Illuminate\Foundation\Http\Middleware\InvokeDeferredCallbacks.php(22): Illuminate\Pipeline\Pipeline->Illuminate\Pipeline\{closure}(Object(Illuminate\Http\Request))
#48 C:\shrine\htdocs\celeb\backend\vendor\laravel\framework\src\Illuminate\Pipeline\Pipeline.php(219): Illuminate\Foundation\Http\Middleware\InvokeDeferredCallbacks->handle(Object(Illuminate\Http\Request), Object(Closure))
#49 C:\shrine\htdocs\celeb\backend\vendor\laravel\framework\src\Illuminate\Http\Middleware\ValidatePathEncoding.php(26): Illuminate\Pipeline\Pipeline->Illuminate\Pipeline\{closure}(Object(Illuminate\Http\Request))
#50 C:\shrine\htdocs\celeb\backend\vendor\laravel\framework\src\Illuminate\Pipeline\Pipeline.php(219): Illuminate\Http\Middleware\ValidatePathEncoding->handle(Object(Illuminate\Http\Request), Object(Closure))
#51 C:\shrine\htdocs\celeb\backend\vendor\laravel\framework\src\Illuminate\Pipeline\Pipeline.php(137): Illuminate\Pipeline\Pipeline->Illuminate\Pipeline\{closure}(Object(Illuminate\Http\Request))
#52 C:\shrine\htdocs\celeb\backend\vendor\laravel\framework\src\Illuminate\Foundation\Http\Kernel.php(175): Illuminate\Pipeline\Pipeline->then(Object(Closure))
#53 C:\shrine\htdocs\celeb\backend\vendor\laravel\framework\src\Illuminate\Foundation\Http\Kernel.php(144): Illuminate\Foundation\Http\Kernel->sendRequestThroughRouter(Object(Illuminate\Http\Request))
#54 C:\shrine\htdocs\celeb\backend\vendor\laravel\framework\src\Illuminate\Foundation\Testing\Concerns\MakesHttpRequests.php(607): Illuminate\Foundation\Http\Kernel->handle(Object(Illuminate\Http\Request))
#55 C:\shrine\htdocs\celeb\backend\vendor\laravel\framework\src\Illuminate\Foundation\Testing\Concerns\MakesHttpRequests.php(573): Illuminate\Foundation\Testing\TestCase->call('GET', '/api/v1/admin/c...', Array, Array, Array, Array, '[]')
#56 C:\shrine\htdocs\celeb\backend\vendor\laravel\framework\src\Illuminate\Foundation\Testing\Concerns\MakesHttpRequests.php(381): Illuminate\Foundation\Testing\TestCase->json('GET', '/api/v1/admin/c...', Array, Array, 0)
#57 C:\shrine\htdocs\celeb\backend\tests\Feature\AdminChatSupervisionTest.php(113): Illuminate\Foundation\Testing\TestCase->getJson('/api/v1/admin/c...', Array)
#58 C:\shrine\htdocs\celeb\backend\vendor\phpunit\phpunit\src\Framework\TestCase.php(1667): Tests\Feature\AdminChatSupervisionTest->test_admin_can_list_all_conversations()
#59 C:\shrine\htdocs\celeb\backend\vendor\phpunit\phpunit\src\Framework\TestCase.php(519): PHPUnit\Framework\TestCase->runTest()
#60 C:\shrine\htdocs\celeb\backend\vendor\phpunit\phpunit\src\Framework\TestRunner\TestRunner.php(87): PHPUnit\Framework\TestCase->runBare()
#61 C:\shrine\htdocs\celeb\backend\vendor\phpunit\phpunit\src\Framework\TestCase.php(365): PHPUnit\Framework\TestRunner->run(Object(Tests\Feature\AdminChatSupervisionTest))
#62 C:\shrine\htdocs\celeb\backend\vendor\phpunit\phpunit\src\Framework\TestSuite.php(369): PHPUnit\Framework\TestCase->run()
#63 C:\shrine\htdocs\celeb\backend\vendor\phpunit\phpunit\src\Framework\TestSuite.php(369): PHPUnit\Framework\TestSuite->run()
#64 C:\shrine\htdocs\celeb\backend\vendor\phpunit\phpunit\src\Framework\TestSuite.php(369): PHPUnit\Framework\TestSuite->run()
#65 C:\shrine\htdocs\celeb\backend\vendor\phpunit\phpunit\src\TextUI\TestRunner.php(64): PHPUnit\Framework\TestSuite->run()
#66 C:\shrine\htdocs\celeb\backend\vendor\phpunit\phpunit\src\TextUI\Application.php(211): PHPUnit\TextUI\TestRunner->run(Object(PHPUnit\TextUI\Configuration\Configuration), Object(PHPUnit\Runner\ResultCache\DefaultResultCache), Object(PHPUnit\Framework\TestSuite))
#67 C:\shrine\htdocs\celeb\backend\vendor\phpunit\phpunit\phpunit(104): PHPUnit\TextUI\Application->run(Array)
#68 C:\shrine\htdocs\celeb\backend\vendor\bin\phpunit(122): include('C:\\shrine\\htdoc...')
#69 {main}

----------------------------------------------------------------------------------

SQLSTATE[HY000]: General error: 1 ambiguous column name: conversation_id (Connection: sqlite, Database: :memory:, SQL: select "id", "conversation_id", "sender_id", "content", "created_at" from "messages" inner join (select MAX("messages"."id") as "id_aggregate", "messages"."conversation_id" from "messages" where "messages"."conversation_id" in (1) group by "messages"."conversation_id") as "latestOfMany" on "latestOfMany"."id_aggregate" = "messages"."id" and "latestOfMany"."conversation_id" = "messages"."conversation_id")

C:\shrine\htdocs\celeb\backend\vendor\laravel\framework\src\Illuminate\Testing\TestResponseAssert.php:45
C:\shrine\htdocs\celeb\backend\vendor\laravel\framework\src\Illuminate\Testing\TestResponse.php:174
C:\shrine\htdocs\celeb\backend\vendor\laravel\framework\src\Illuminate\Testing\Concerns\AssertsStatusCodes.php:16
C:\shrine\htdocs\celeb\backend\tests\Feature\AdminChatSupervisionTest.php:115

2) Tests\Feature\AdminChatSupervisionTest::test_admin_can_filter_chats_by_status
Expected response status code [200] but received 500.
Failed asserting that 500 is identical to 200.

The following exception occurred during the last request:

PDOException: SQLSTATE[HY000]: General error: 1 ambiguous column name: conversation_id in C:\shrine\htdocs\celeb\backend\vendor\laravel\framework\src\Illuminate\Database\Connection.php:413
Stack trace:
#0 C:\shrine\htdocs\celeb\backend\vendor\laravel\framework\src\Illuminate\Database\Connection.php(413): PDO->prepare('select "id", "c...')
#1 C:\shrine\htdocs\celeb\backend\vendor\laravel\framework\src\Illuminate\Database\Connection.php(820): Illuminate\Database\Connection->Illuminate\Database\{closure}('select "id", "c...', Array)
#2 C:\shrine\htdocs\celeb\backend\vendor\laravel\framework\src\Illuminate\Database\Connection.php(787): Illuminate\Database\Connection->runQueryCallback('select "id", "c...', Array, Object(Closure))
#3 C:\shrine\htdocs\celeb\backend\vendor\laravel\framework\src\Illuminate\Database\Connection.php(404): Illuminate\Database\Connection->run('select "id", "c...', Array, Object(Closure))
#4 C:\shrine\htdocs\celeb\backend\vendor\laravel\framework\src\Illuminate\Database\Query\Builder.php(3232): Illuminate\Database\Connection->select('select "id", "c...', Array, true)
#5 C:\shrine\htdocs\celeb\backend\vendor\laravel\framework\src\Illuminate\Database\Query\Builder.php(3217): Illuminate\Database\Query\Builder->runSelect()
#6 C:\shrine\htdocs\celeb\backend\vendor\laravel\framework\src\Illuminate\Database\Query\Builder.php(3807): Illuminate\Database\Query\Builder->Illuminate\Database\Query\{closure}()
#7 C:\shrine\htdocs\celeb\backend\vendor\laravel\framework\src\Illuminate\Database\Query\Builder.php(3216): Illuminate\Database\Query\Builder->onceWithColumns(Array, Object(Closure))
#8 C:\shrine\htdocs\celeb\backend\vendor\laravel\framework\src\Illuminate\Database\Eloquent\Builder.php(902): Illuminate\Database\Query\Builder->get(Array)
#9 C:\shrine\htdocs\celeb\backend\vendor\laravel\framework\src\Illuminate\Database\Eloquent\Builder.php(884): Illuminate\Database\Eloquent\Builder->getModels(Array)
#10 C:\shrine\htdocs\celeb\backend\vendor\laravel\framework\src\Illuminate\Database\Eloquent\Relations\Relation.php(212): Illuminate\Database\Eloquent\Builder->get(Array)
#11 C:\shrine\htdocs\celeb\backend\vendor\laravel\framework\src\Illuminate\Database\Eloquent\Relations\Relation.php(175): Illuminate\Database\Eloquent\Relations\Relation->get()
#12 C:\shrine\htdocs\celeb\backend\vendor\laravel\framework\src\Illuminate\Database\Eloquent\Builder.php(950): Illuminate\Database\Eloquent\Relations\Relation->getEager()
#13 C:\shrine\htdocs\celeb\backend\vendor\laravel\framework\src\Illuminate\Database\Eloquent\Builder.php(919): Illuminate\Database\Eloquent\Builder->eagerLoadRelation(Array, 'latestMessage', Object(Closure))
#14 C:\shrine\htdocs\celeb\backend\vendor\laravel\framework\src\Illuminate\Database\Eloquent\Builder.php(885): Illuminate\Database\Eloquent\Builder->eagerLoadRelations(Array)
#15 C:\shrine\htdocs\celeb\backend\vendor\laravel\framework\src\Illuminate\Database\Eloquent\Builder.php(1125): Illuminate\Database\Eloquent\Builder->get(Array)
#16 C:\shrine\htdocs\celeb\backend\app\Http\Controllers\API\V1\Admin\ChatSupervisionController.php(33): Illuminate\Database\Eloquent\Builder->paginate(25)
#17 C:\shrine\htdocs\celeb\backend\vendor\laravel\framework\src\Illuminate\Routing\ControllerDispatcher.php(46): App\Http\Controllers\API\V1\Admin\ChatSupervisionController->index(Object(Illuminate\Http\Request))
#18 C:\shrine\htdocs\celeb\backend\vendor\laravel\framework\src\Illuminate\Routing\Route.php(265): Illuminate\Routing\ControllerDispatcher->dispatch(Object(Illuminate\Routing\Route), Object(App\Http\Controllers\API\V1\Admin\ChatSupervisionController), 'index')
#19 C:\shrine\htdocs\celeb\backend\vendor\laravel\framework\src\Illuminate\Routing\Route.php(211): Illuminate\Routing\Route->runController()
#20 C:\shrine\htdocs\celeb\backend\vendor\laravel\framework\src\Illuminate\Routing\Router.php(822): Illuminate\Routing\Route->run()
#21 C:\shrine\htdocs\celeb\backend\vendor\laravel\framework\src\Illuminate\Pipeline\Pipeline.php(180): Illuminate\Routing\Router->Illuminate\Routing\{closure}(Object(Illuminate\Http\Request))
#22 C:\shrine\htdocs\celeb\backend\app\Http\Middleware\IsAdmin.php(19): Illuminate\Pipeline\Pipeline->Illuminate\Pipeline\{closure}(Object(Illuminate\Http\Request))
#23 C:\shrine\htdocs\celeb\backend\vendor\laravel\framework\src\Illuminate\Pipeline\Pipeline.php(219): App\Http\Middleware\IsAdmin->handle(Object(Illuminate\Http\Request), Object(Closure))
#24 C:\shrine\htdocs\celeb\backend\vendor\laravel\framework\src\Illuminate\Routing\Middleware\SubstituteBindings.php(50): Illuminate\Pipeline\Pipeline->Illuminate\Pipeline\{closure}(Object(Illuminate\Http\Request))
#25 C:\shrine\htdocs\celeb\backend\vendor\laravel\framework\src\Illuminate\Pipeline\Pipeline.php(219): Illuminate\Routing\Middleware\SubstituteBindings->handle(Object(Illuminate\Http\Request), Object(Closure))
#26 C:\shrine\htdocs\celeb\backend\vendor\laravel\framework\src\Illuminate\Auth\Middleware\Authenticate.php(63): Illuminate\Pipeline\Pipeline->Illuminate\Pipeline\{closure}(Object(Illuminate\Http\Request))
#27 C:\shrine\htdocs\celeb\backend\vendor\laravel\framework\src\Illuminate\Pipeline\Pipeline.php(219): Illuminate\Auth\Middleware\Authenticate->handle(Object(Illuminate\Http\Request), Object(Closure), 'sanctum')
#28 C:\shrine\htdocs\celeb\backend\vendor\laravel\framework\src\Illuminate\Pipeline\Pipeline.php(137): Illuminate\Pipeline\Pipeline->Illuminate\Pipeline\{closure}(Object(Illuminate\Http\Request))
#29 C:\shrine\htdocs\celeb\backend\vendor\laravel\framework\src\Illuminate\Routing\Router.php(821): Illuminate\Pipeline\Pipeline->then(Object(Closure))
#30 C:\shrine\htdocs\celeb\backend\vendor\laravel\framework\src\Illuminate\Routing\Router.php(800): Illuminate\Routing\Router->runRouteWithinStack(Object(Illuminate\Routing\Route), Object(Illuminate\Http\Request))
#31 C:\shrine\htdocs\celeb\backend\vendor\laravel\framework\src\Illuminate\Routing\Router.php(764): Illuminate\Routing\Router->runRoute(Object(Illuminate\Http\Request), Object(Illuminate\Routing\Route))
#32 C:\shrine\htdocs\celeb\backend\vendor\laravel\framework\src\Illuminate\Routing\Router.php(753): Illuminate\Routing\Router->dispatchToRoute(Object(Illuminate\Http\Request))
#33 C:\shrine\htdocs\celeb\backend\vendor\laravel\framework\src\Illuminate\Foundation\Http\Kernel.php(200): Illuminate\Routing\Router->dispatch(Object(Illuminate\Http\Request))
#34 C:\shrine\htdocs\celeb\backend\vendor\laravel\framework\src\Illuminate\Pipeline\Pipeline.php(180): Illuminate\Foundation\Http\Kernel->Illuminate\Foundation\Http\{closure}(Object(Illuminate\Http\Request))
#35 C:\shrine\htdocs\celeb\backend\vendor\laravel\framework\src\Illuminate\Foundation\Http\Middleware\TransformsRequest.php(21): Illuminate\Pipeline\Pipeline->Illuminate\Pipeline\{closure}(Object(Illuminate\Http\Request))
#36 C:\shrine\htdocs\celeb\backend\vendor\laravel\framework\src\Illuminate\Foundation\Http\Middleware\ConvertEmptyStringsToNull.php(31): Illuminate\Foundation\Http\Middleware\TransformsRequest->handle(Object(Illuminate\Http\Request), Object(Closure))
#37 C:\shrine\htdocs\celeb\backend\vendor\laravel\framework\src\Illuminate\Pipeline\Pipeline.php(219): Illuminate\Foundation\Http\Middleware\ConvertEmptyStringsToNull->handle(Object(Illuminate\Http\Request), Object(Closure))
#38 C:\shrine\htdocs\celeb\backend\vendor\laravel\framework\src\Illuminate\Foundation\Http\Middleware\TransformsRequest.php(21): Illuminate\Pipeline\Pipeline->Illuminate\Pipeline\{closure}(Object(Illuminate\Http\Request))
#39 C:\shrine\htdocs\celeb\backend\vendor\laravel\framework\src\Illuminate\Foundation\Http\Middleware\TrimStrings.php(51): Illuminate\Foundation\Http\Middleware\TransformsRequest->handle(Object(Illuminate\Http\Request), Object(Closure))
#40 C:\shrine\htdocs\celeb\backend\vendor\laravel\framework\src\Illuminate\Pipeline\Pipeline.php(219): Illuminate\Foundation\Http\Middleware\TrimStrings->handle(Object(Illuminate\Http\Request), Object(Closure))
#41 C:\shrine\htdocs\celeb\backend\vendor\laravel\framework\src\Illuminate\Http\Middleware\ValidatePostSize.php(27): Illuminate\Pipeline\Pipeline->Illuminate\Pipeline\{closure}(Object(Illuminate\Http\Request))
#42 C:\shrine\htdocs\celeb\backend\vendor\laravel\framework\src\Illuminate\Pipeline\Pipeline.php(219): Illuminate\Http\Middleware\ValidatePostSize->handle(Object(Illuminate\Http\Request), Object(Closure))
#43 C:\shrine\htdocs\celeb\backend\vendor\laravel\framework\src\Illuminate\Foundation\Http\Middleware\PreventRequestsDuringMaintenance.php(109): Illuminate\Pipeline\Pipeline->Illuminate\Pipeline\{closure}(Object(Illuminate\Http\Request))
#44 C:\shrine\htdocs\celeb\backend\vendor\laravel\framework\src\Illuminate\Pipeline\Pipeline.php(219): Illuminate\Foundation\Http\Middleware\PreventRequestsDuringMaintenance->handle(Object(Illuminate\Http\Request), Object(Closure))
#45 C:\shrine\htdocs\celeb\backend\vendor\laravel\framework\src\Illuminate\Http\Middleware\HandleCors.php(61): Illuminate\Pipeline\Pipeline->Illuminate\Pipeline\{closure}(Object(Illuminate\Http\Request))
#46 C:\shrine\htdocs\celeb\backend\vendor\laravel\framework\src\Illuminate\Pipeline\Pipeline.php(219): Illuminate\Http\Middleware\HandleCors->handle(Object(Illuminate\Http\Request), Object(Closure))
#47 C:\shrine\htdocs\celeb\backend\vendor\laravel\framework\src\Illuminate\Http\Middleware\TrustProxies.php(58): Illuminate\Pipeline\Pipeline->Illuminate\Pipeline\{closure}(Object(Illuminate\Http\Request))
#48 C:\shrine\htdocs\celeb\backend\vendor\laravel\framework\src\Illuminate\Pipeline\Pipeline.php(219): Illuminate\Http\Middleware\TrustProxies->handle(Object(Illuminate\Http\Request), Object(Closure))
#49 C:\shrine\htdocs\celeb\backend\vendor\laravel\framework\src\Illuminate\Foundation\Http\Middleware\InvokeDeferredCallbacks.php(22): Illuminate\Pipeline\Pipeline->Illuminate\Pipeline\{closure}(Object(Illuminate\Http\Request))
#50 C:\shrine\htdocs\celeb\backend\vendor\laravel\framework\src\Illuminate\Pipeline\Pipeline.php(219): Illuminate\Foundation\Http\Middleware\InvokeDeferredCallbacks->handle(Object(Illuminate\Http\Request), Object(Closure))
#51 C:\shrine\htdocs\celeb\backend\vendor\laravel\framework\src\Illuminate\Http\Middleware\ValidatePathEncoding.php(26): Illuminate\Pipeline\Pipeline->Illuminate\Pipeline\{closure}(Object(Illuminate\Http\Request))
#52 C:\shrine\htdocs\celeb\backend\vendor\laravel\framework\src\Illuminate\Pipeline\Pipeline.php(219): Illuminate\Http\Middleware\ValidatePathEncoding->handle(Object(Illuminate\Http\Request), Object(Closure))
#53 C:\shrine\htdocs\celeb\backend\vendor\laravel\framework\src\Illuminate\Pipeline\Pipeline.php(137): Illuminate\Pipeline\Pipeline->Illuminate\Pipeline\{closure}(Object(Illuminate\Http\Request))
#54 C:\shrine\htdocs\celeb\backend\vendor\laravel\framework\src\Illuminate\Foundation\Http\Kernel.php(175): Illuminate\Pipeline\Pipeline->then(Object(Closure))
#55 C:\shrine\htdocs\celeb\backend\vendor\laravel\framework\src\Illuminate\Foundation\Http\Kernel.php(144): Illuminate\Foundation\Http\Kernel->sendRequestThroughRouter(Object(Illuminate\Http\Request))
#56 C:\shrine\htdocs\celeb\backend\vendor\laravel\framework\src\Illuminate\Foundation\Testing\Concerns\MakesHttpRequests.php(607): Illuminate\Foundation\Http\Kernel->handle(Object(Illuminate\Http\Request))
#57 C:\shrine\htdocs\celeb\backend\vendor\laravel\framework\src\Illuminate\Foundation\Testing\Concerns\MakesHttpRequests.php(573): Illuminate\Foundation\Testing\TestCase->call('GET', '/api/v1/admin/c...', Array, Array, Array, Array, '[]')
#58 C:\shrine\htdocs\celeb\backend\vendor\laravel\framework\src\Illuminate\Foundation\Testing\Concerns\MakesHttpRequests.php(381): Illuminate\Foundation\Testing\TestCase->json('GET', '/api/v1/admin/c...', Array, Array, 0)
#59 C:\shrine\htdocs\celeb\backend\tests\Feature\AdminChatSupervisionTest.php(129): Illuminate\Foundation\Testing\TestCase->getJson('/api/v1/admin/c...', Array)
#60 C:\shrine\htdocs\celeb\backend\vendor\phpunit\phpunit\src\Framework\TestCase.php(1667): Tests\Feature\AdminChatSupervisionTest->test_admin_can_filter_chats_by_status()
#61 C:\shrine\htdocs\celeb\backend\vendor\phpunit\phpunit\src\Framework\TestCase.php(519): PHPUnit\Framework\TestCase->runTest()
#62 C:\shrine\htdocs\celeb\backend\vendor\phpunit\phpunit\src\Framework\TestRunner\TestRunner.php(87): PHPUnit\Framework\TestCase->runBare()
#63 C:\shrine\htdocs\celeb\backend\vendor\phpunit\phpunit\src\Framework\TestCase.php(365): PHPUnit\Framework\TestRunner->run(Object(Tests\Feature\AdminChatSupervisionTest))
#64 C:\shrine\htdocs\celeb\backend\vendor\phpunit\phpunit\src\Framework\TestSuite.php(369): PHPUnit\Framework\TestCase->run()
#65 C:\shrine\htdocs\celeb\backend\vendor\phpunit\phpunit\src\Framework\TestSuite.php(369): PHPUnit\Framework\TestSuite->run()
#66 C:\shrine\htdocs\celeb\backend\vendor\phpunit\phpunit\src\Framework\TestSuite.php(369): PHPUnit\Framework\TestSuite->run()
#67 C:\shrine\htdocs\celeb\backend\vendor\phpunit\phpunit\src\TextUI\TestRunner.php(64): PHPUnit\Framework\TestSuite->run()
#68 C:\shrine\htdocs\celeb\backend\vendor\phpunit\phpunit\src\TextUI\Application.php(211): PHPUnit\TextUI\TestRunner->run(Object(PHPUnit\TextUI\Configuration\Configuration), Object(PHPUnit\Runner\ResultCache\DefaultResultCache), Object(PHPUnit\Framework\TestSuite))
#69 C:\shrine\htdocs\celeb\backend\vendor\phpunit\phpunit\phpunit(104): PHPUnit\TextUI\Application->run(Array)
#70 C:\shrine\htdocs\celeb\backend\vendor\bin\phpunit(122): include('C:\\shrine\\htdoc...')
#71 {main}

Next Illuminate\Database\QueryException: SQLSTATE[HY000]: General error: 1 ambiguous column name: conversation_id (Connection: sqlite, Database: :memory:, SQL: select "id", "conversation_id", "sender_id", "content", "created_at" from "messages" inner join (select MAX("messages"."id") as "id_aggregate", "messages"."conversation_id" from "messages" where "messages"."conversation_id" in (1) group by "messages"."conversation_id") as "latestOfMany" on "latestOfMany"."id_aggregate" = "messages"."id" and "latestOfMany"."conversation_id" = "messages"."conversation_id") in C:\shrine\htdocs\celeb\backend\vendor\laravel\framework\src\Illuminate\Database\Connection.php:831
Stack trace:
#0 C:\shrine\htdocs\celeb\backend\vendor\laravel\framework\src\Illuminate\Database\Connection.php(787): Illuminate\Database\Connection->runQueryCallback('select "id", "c...', Array, Object(Closure))
#1 C:\shrine\htdocs\celeb\backend\vendor\laravel\framework\src\Illuminate\Database\Connection.php(404): Illuminate\Database\Connection->run('select "id", "c...', Array, Object(Closure))
#2 C:\shrine\htdocs\celeb\backend\vendor\laravel\framework\src\Illuminate\Database\Query\Builder.php(3232): Illuminate\Database\Connection->select('select "id", "c...', Array, true)
#3 C:\shrine\htdocs\celeb\backend\vendor\laravel\framework\src\Illuminate\Database\Query\Builder.php(3217): Illuminate\Database\Query\Builder->runSelect()
#4 C:\shrine\htdocs\celeb\backend\vendor\laravel\framework\src\Illuminate\Database\Query\Builder.php(3807): Illuminate\Database\Query\Builder->Illuminate\Database\Query\{closure}()
#5 C:\shrine\htdocs\celeb\backend\vendor\laravel\framework\src\Illuminate\Database\Query\Builder.php(3216): Illuminate\Database\Query\Builder->onceWithColumns(Array, Object(Closure))
#6 C:\shrine\htdocs\celeb\backend\vendor\laravel\framework\src\Illuminate\Database\Eloquent\Builder.php(902): Illuminate\Database\Query\Builder->get(Array)
#7 C:\shrine\htdocs\celeb\backend\vendor\laravel\framework\src\Illuminate\Database\Eloquent\Builder.php(884): Illuminate\Database\Eloquent\Builder->getModels(Array)
#8 C:\shrine\htdocs\celeb\backend\vendor\laravel\framework\src\Illuminate\Database\Eloquent\Relations\Relation.php(212): Illuminate\Database\Eloquent\Builder->get(Array)
#9 C:\shrine\htdocs\celeb\backend\vendor\laravel\framework\src\Illuminate\Database\Eloquent\Relations\Relation.php(175): Illuminate\Database\Eloquent\Relations\Relation->get()
#10 C:\shrine\htdocs\celeb\backend\vendor\laravel\framework\src\Illuminate\Database\Eloquent\Builder.php(950): Illuminate\Database\Eloquent\Relations\Relation->getEager()
#11 C:\shrine\htdocs\celeb\backend\vendor\laravel\framework\src\Illuminate\Database\Eloquent\Builder.php(919): Illuminate\Database\Eloquent\Builder->eagerLoadRelation(Array, 'latestMessage', Object(Closure))
#12 C:\shrine\htdocs\celeb\backend\vendor\laravel\framework\src\Illuminate\Database\Eloquent\Builder.php(885): Illuminate\Database\Eloquent\Builder->eagerLoadRelations(Array)
#13 C:\shrine\htdocs\celeb\backend\vendor\laravel\framework\src\Illuminate\Database\Eloquent\Builder.php(1125): Illuminate\Database\Eloquent\Builder->get(Array)
#14 C:\shrine\htdocs\celeb\backend\app\Http\Controllers\API\V1\Admin\ChatSupervisionController.php(33): Illuminate\Database\Eloquent\Builder->paginate(25)
#15 C:\shrine\htdocs\celeb\backend\vendor\laravel\framework\src\Illuminate\Routing\ControllerDispatcher.php(46): App\Http\Controllers\API\V1\Admin\ChatSupervisionController->index(Object(Illuminate\Http\Request))
#16 C:\shrine\htdocs\celeb\backend\vendor\laravel\framework\src\Illuminate\Routing\Route.php(265): Illuminate\Routing\ControllerDispatcher->dispatch(Object(Illuminate\Routing\Route), Object(App\Http\Controllers\API\V1\Admin\ChatSupervisionController), 'index')
#17 C:\shrine\htdocs\celeb\backend\vendor\laravel\framework\src\Illuminate\Routing\Route.php(211): Illuminate\Routing\Route->runController()
#18 C:\shrine\htdocs\celeb\backend\vendor\laravel\framework\src\Illuminate\Routing\Router.php(822): Illuminate\Routing\Route->run()
#19 C:\shrine\htdocs\celeb\backend\vendor\laravel\framework\src\Illuminate\Pipeline\Pipeline.php(180): Illuminate\Routing\Router->Illuminate\Routing\{closure}(Object(Illuminate\Http\Request))
#20 C:\shrine\htdocs\celeb\backend\app\Http\Middleware\IsAdmin.php(19): Illuminate\Pipeline\Pipeline->Illuminate\Pipeline\{closure}(Object(Illuminate\Http\Request))
#21 C:\shrine\htdocs\celeb\backend\vendor\laravel\framework\src\Illuminate\Pipeline\Pipeline.php(219): App\Http\Middleware\IsAdmin->handle(Object(Illuminate\Http\Request), Object(Closure))
#22 C:\shrine\htdocs\celeb\backend\vendor\laravel\framework\src\Illuminate\Routing\Middleware\SubstituteBindings.php(50): Illuminate\Pipeline\Pipeline->Illuminate\Pipeline\{closure}(Object(Illuminate\Http\Request))
#23 C:\shrine\htdocs\celeb\backend\vendor\laravel\framework\src\Illuminate\Pipeline\Pipeline.php(219): Illuminate\Routing\Middleware\SubstituteBindings->handle(Object(Illuminate\Http\Request), Object(Closure))
#24 C:\shrine\htdocs\celeb\backend\vendor\laravel\framework\src\Illuminate\Auth\Middleware\Authenticate.php(63): Illuminate\Pipeline\Pipeline->Illuminate\Pipeline\{closure}(Object(Illuminate\Http\Request))
#25 C:\shrine\htdocs\celeb\backend\vendor\laravel\framework\src\Illuminate\Pipeline\Pipeline.php(219): Illuminate\Auth\Middleware\Authenticate->handle(Object(Illuminate\Http\Request), Object(Closure), 'sanctum')
#26 C:\shrine\htdocs\celeb\backend\vendor\laravel\framework\src\Illuminate\Pipeline\Pipeline.php(137): Illuminate\Pipeline\Pipeline->Illuminate\Pipeline\{closure}(Object(Illuminate\Http\Request))
#27 C:\shrine\htdocs\celeb\backend\vendor\laravel\framework\src\Illuminate\Routing\Router.php(821): Illuminate\Pipeline\Pipeline->then(Object(Closure))
#28 C:\shrine\htdocs\celeb\backend\vendor\laravel\framework\src\Illuminate\Routing\Router.php(800): Illuminate\Routing\Router->runRouteWithinStack(Object(Illuminate\Routing\Route), Object(Illuminate\Http\Request))
#29 C:\shrine\htdocs\celeb\backend\vendor\laravel\framework\src\Illuminate\Routing\Router.php(764): Illuminate\Routing\Router->runRoute(Object(Illuminate\Http\Request), Object(Illuminate\Routing\Route))
#30 C:\shrine\htdocs\celeb\backend\vendor\laravel\framework\src\Illuminate\Routing\Router.php(753): Illuminate\Routing\Router->dispatchToRoute(Object(Illuminate\Http\Request))
#31 C:\shrine\htdocs\celeb\backend\vendor\laravel\framework\src\Illuminate\Foundation\Http\Kernel.php(200): Illuminate\Routing\Router->dispatch(Object(Illuminate\Http\Request))
#32 C:\shrine\htdocs\celeb\backend\vendor\laravel\framework\src\Illuminate\Pipeline\Pipeline.php(180): Illuminate\Foundation\Http\Kernel->Illuminate\Foundation\Http\{closure}(Object(Illuminate\Http\Request))
#33 C:\shrine\htdocs\celeb\backend\vendor\laravel\framework\src\Illuminate\Foundation\Http\Middleware\TransformsRequest.php(21): Illuminate\Pipeline\Pipeline->Illuminate\Pipeline\{closure}(Object(Illuminate\Http\Request))
#34 C:\shrine\htdocs\celeb\backend\vendor\laravel\framework\src\Illuminate\Foundation\Http\Middleware\ConvertEmptyStringsToNull.php(31): Illuminate\Foundation\Http\Middleware\TransformsRequest->handle(Object(Illuminate\Http\Request), Object(Closure))
#35 C:\shrine\htdocs\celeb\backend\vendor\laravel\framework\src\Illuminate\Pipeline\Pipeline.php(219): Illuminate\Foundation\Http\Middleware\ConvertEmptyStringsToNull->handle(Object(Illuminate\Http\Request), Object(Closure))
#36 C:\shrine\htdocs\celeb\backend\vendor\laravel\framework\src\Illuminate\Foundation\Http\Middleware\TransformsRequest.php(21): Illuminate\Pipeline\Pipeline->Illuminate\Pipeline\{closure}(Object(Illuminate\Http\Request))
#37 C:\shrine\htdocs\celeb\backend\vendor\laravel\framework\src\Illuminate\Foundation\Http\Middleware\TrimStrings.php(51): Illuminate\Foundation\Http\Middleware\TransformsRequest->handle(Object(Illuminate\Http\Request), Object(Closure))
#38 C:\shrine\htdocs\celeb\backend\vendor\laravel\framework\src\Illuminate\Pipeline\Pipeline.php(219): Illuminate\Foundation\Http\Middleware\TrimStrings->handle(Object(Illuminate\Http\Request), Object(Closure))
#39 C:\shrine\htdocs\celeb\backend\vendor\laravel\framework\src\Illuminate\Http\Middleware\ValidatePostSize.php(27): Illuminate\Pipeline\Pipeline->Illuminate\Pipeline\{closure}(Object(Illuminate\Http\Request))
#40 C:\shrine\htdocs\celeb\backend\vendor\laravel\framework\src\Illuminate\Pipeline\Pipeline.php(219): Illuminate\Http\Middleware\ValidatePostSize->handle(Object(Illuminate\Http\Request), Object(Closure))
#41 C:\shrine\htdocs\celeb\backend\vendor\laravel\framework\src\Illuminate\Foundation\Http\Middleware\PreventRequestsDuringMaintenance.php(109): Illuminate\Pipeline\Pipeline->Illuminate\Pipeline\{closure}(Object(Illuminate\Http\Request))
#42 C:\shrine\htdocs\celeb\backend\vendor\laravel\framework\src\Illuminate\Pipeline\Pipeline.php(219): Illuminate\Foundation\Http\Middleware\PreventRequestsDuringMaintenance->handle(Object(Illuminate\Http\Request), Object(Closure))
#43 C:\shrine\htdocs\celeb\backend\vendor\laravel\framework\src\Illuminate\Http\Middleware\HandleCors.php(61): Illuminate\Pipeline\Pipeline->Illuminate\Pipeline\{closure}(Object(Illuminate\Http\Request))
#44 C:\shrine\htdocs\celeb\backend\vendor\laravel\framework\src\Illuminate\Pipeline\Pipeline.php(219): Illuminate\Http\Middleware\HandleCors->handle(Object(Illuminate\Http\Request), Object(Closure))
#45 C:\shrine\htdocs\celeb\backend\vendor\laravel\framework\src\Illuminate\Http\Middleware\TrustProxies.php(58): Illuminate\Pipeline\Pipeline->Illuminate\Pipeline\{closure}(Object(Illuminate\Http\Request))
#46 C:\shrine\htdocs\celeb\backend\vendor\laravel\framework\src\Illuminate\Pipeline\Pipeline.php(219): Illuminate\Http\Middleware\TrustProxies->handle(Object(Illuminate\Http\Request), Object(Closure))
#47 C:\shrine\htdocs\celeb\backend\vendor\laravel\framework\src\Illuminate\Foundation\Http\Middleware\InvokeDeferredCallbacks.php(22): Illuminate\Pipeline\Pipeline->Illuminate\Pipeline\{closure}(Object(Illuminate\Http\Request))
#48 C:\shrine\htdocs\celeb\backend\vendor\laravel\framework\src\Illuminate\Pipeline\Pipeline.php(219): Illuminate\Foundation\Http\Middleware\InvokeDeferredCallbacks->handle(Object(Illuminate\Http\Request), Object(Closure))
#49 C:\shrine\htdocs\celeb\backend\vendor\laravel\framework\src\Illuminate\Http\Middleware\ValidatePathEncoding.php(26): Illuminate\Pipeline\Pipeline->Illuminate\Pipeline\{closure}(Object(Illuminate\Http\Request))
#50 C:\shrine\htdocs\celeb\backend\vendor\laravel\framework\src\Illuminate\Pipeline\Pipeline.php(219): Illuminate\Http\Middleware\ValidatePathEncoding->handle(Object(Illuminate\Http\Request), Object(Closure))
#51 C:\shrine\htdocs\celeb\backend\vendor\laravel\framework\src\Illuminate\Pipeline\Pipeline.php(137): Illuminate\Pipeline\Pipeline->Illuminate\Pipeline\{closure}(Object(Illuminate\Http\Request))
#52 C:\shrine\htdocs\celeb\backend\vendor\laravel\framework\src\Illuminate\Foundation\Http\Kernel.php(175): Illuminate\Pipeline\Pipeline->then(Object(Closure))
#53 C:\shrine\htdocs\celeb\backend\vendor\laravel\framework\src\Illuminate\Foundation\Http\Kernel.php(144): Illuminate\Foundation\Http\Kernel->sendRequestThroughRouter(Object(Illuminate\Http\Request))
#54 C:\shrine\htdocs\celeb\backend\vendor\laravel\framework\src\Illuminate\Foundation\Testing\Concerns\MakesHttpRequests.php(607): Illuminate\Foundation\Http\Kernel->handle(Object(Illuminate\Http\Request))
#55 C:\shrine\htdocs\celeb\backend\vendor\laravel\framework\src\Illuminate\Foundation\Testing\Concerns\MakesHttpRequests.php(573): Illuminate\Foundation\Testing\TestCase->call('GET', '/api/v1/admin/c...', Array, Array, Array, Array, '[]')
#56 C:\shrine\htdocs\celeb\backend\vendor\laravel\framework\src\Illuminate\Foundation\Testing\Concerns\MakesHttpRequests.php(381): Illuminate\Foundation\Testing\TestCase->json('GET', '/api/v1/admin/c...', Array, Array, 0)
#57 C:\shrine\htdocs\celeb\backend\tests\Feature\AdminChatSupervisionTest.php(129): Illuminate\Foundation\Testing\TestCase->getJson('/api/v1/admin/c...', Array)
#58 C:\shrine\htdocs\celeb\backend\vendor\phpunit\phpunit\src\Framework\TestCase.php(1667): Tests\Feature\AdminChatSupervisionTest->test_admin_can_filter_chats_by_status()
#59 C:\shrine\htdocs\celeb\backend\vendor\phpunit\phpunit\src\Framework\TestCase.php(519): PHPUnit\Framework\TestCase->runTest()
#60 C:\shrine\htdocs\celeb\backend\vendor\phpunit\phpunit\src\Framework\TestRunner\TestRunner.php(87): PHPUnit\Framework\TestCase->runBare()
#61 C:\shrine\htdocs\celeb\backend\vendor\phpunit\phpunit\src\Framework\TestCase.php(365): PHPUnit\Framework\TestRunner->run(Object(Tests\Feature\AdminChatSupervisionTest))
#62 C:\shrine\htdocs\celeb\backend\vendor\phpunit\phpunit\src\Framework\TestSuite.php(369): PHPUnit\Framework\TestCase->run()
#63 C:\shrine\htdocs\celeb\backend\vendor\phpunit\phpunit\src\Framework\TestSuite.php(369): PHPUnit\Framework\TestSuite->run()
#64 C:\shrine\htdocs\celeb\backend\vendor\phpunit\phpunit\src\Framework\TestSuite.php(369): PHPUnit\Framework\TestSuite->run()
#65 C:\shrine\htdocs\celeb\backend\vendor\phpunit\phpunit\src\TextUI\TestRunner.php(64): PHPUnit\Framework\TestSuite->run()
#66 C:\shrine\htdocs\celeb\backend\vendor\phpunit\phpunit\src\TextUI\Application.php(211): PHPUnit\TextUI\TestRunner->run(Object(PHPUnit\TextUI\Configuration\Configuration), Object(PHPUnit\Runner\ResultCache\DefaultResultCache), Object(PHPUnit\Framework\TestSuite))
#67 C:\shrine\htdocs\celeb\backend\vendor\phpunit\phpunit\phpunit(104): PHPUnit\TextUI\Application->run(Array)
#68 C:\shrine\htdocs\celeb\backend\vendor\bin\phpunit(122): include('C:\\shrine\\htdoc...')
#69 {main}

----------------------------------------------------------------------------------

SQLSTATE[HY000]: General error: 1 ambiguous column name: conversation_id (Connection: sqlite, Database: :memory:, SQL: select "id", "conversation_id", "sender_id", "content", "created_at" from "messages" inner join (select MAX("messages"."id") as "id_aggregate", "messages"."conversation_id" from "messages" where "messages"."conversation_id" in (1) group by "messages"."conversation_id") as "latestOfMany" on "latestOfMany"."id_aggregate" = "messages"."id" and "latestOfMany"."conversation_id" = "messages"."conversation_id")

C:\shrine\htdocs\celeb\backend\vendor\laravel\framework\src\Illuminate\Testing\TestResponseAssert.php:45
C:\shrine\htdocs\celeb\backend\vendor\laravel\framework\src\Illuminate\Testing\TestResponse.php:174
C:\shrine\htdocs\celeb\backend\vendor\laravel\framework\src\Illuminate\Testing\Concerns\AssertsStatusCodes.php:16
C:\shrine\htdocs\celeb\backend\tests\Feature\AdminChatSupervisionTest.php:131

3) Tests\Feature\AuthTest::test_fan_can_register
Expected response status code [201] but received 422.
Failed asserting that 422 is identical to 201.

The following errors occurred during the last request:

{
    "message": "The password field confirmation does not match.",
    "errors": {
        "password": [
            "The password field confirmation does not match."
        ]
    }
}

C:\shrine\htdocs\celeb\backend\vendor\laravel\framework\src\Illuminate\Testing\TestResponseAssert.php:45
C:\shrine\htdocs\celeb\backend\vendor\laravel\framework\src\Illuminate\Testing\TestResponse.php:174
C:\shrine\htdocs\celeb\backend\tests\Feature\AuthTest.php:26

4) Tests\Feature\AuthTest::test_celebrity_can_register
Expected response status code [201] but received 422.
Failed asserting that 422 is identical to 201.

The following errors occurred during the last request:

{
    "message": "The password field confirmation does not match.",
    "errors": {
        "password": [
            "The password field confirmation does not match."
        ]
    }
}

C:\shrine\htdocs\celeb\backend\vendor\laravel\framework\src\Illuminate\Testing\TestResponseAssert.php:45
C:\shrine\htdocs\celeb\backend\vendor\laravel\framework\src\Illuminate\Testing\TestResponse.php:174
C:\shrine\htdocs\celeb\backend\tests\Feature\AuthTest.php:48

5) Tests\Feature\CelebrityProfileTest::test_update_rejects_non_image_profile_photo
Expected response status code [422] but received 302.
Failed asserting that 302 is identical to 422.

The following errors occurred during the last request:

The profile photo field must be an image.
The profile photo field must be a file of type: jpg, jpeg, png, webp.

C:\shrine\htdocs\celeb\backend\vendor\laravel\framework\src\Illuminate\Testing\TestResponseAssert.php:45
C:\shrine\htdocs\celeb\backend\vendor\laravel\framework\src\Illuminate\Testing\TestResponse.php:174
C:\shrine\htdocs\celeb\backend\tests\Feature\CelebrityProfileTest.php:162

6) Tests\Feature\FanProfileTest::test_fan_update_rejects_non_image_avatar
Expected response status code [422] but received 302.
Failed asserting that 302 is identical to 422.

The following errors occurred during the last request:

The avatar photo field must be an image.
The avatar photo field must be a file of type: jpg, jpeg, png, webp.

C:\shrine\htdocs\celeb\backend\vendor\laravel\framework\src\Illuminate\Testing\TestResponseAssert.php:45
C:\shrine\htdocs\celeb\backend\vendor\laravel\framework\src\Illuminate\Testing\TestResponse.php:174
C:\shrine\htdocs\celeb\backend\tests\Feature\FanProfileTest.php:125

FAILURES!
Tests: 240, Assertions: 570, Failures: 6, Skipped: 11.
